// Vitest Snapshot v1, https://vitest.dev/guide/snapshot.html

exports[`components/message/message > should have child nodes 1`] = `
<div
  class="_message_88ce03 "
>
  <span>
    hello
  </span>
</div>
`;
