// Jest Snapshot v1, https://goo.gl/fbAQLP

exports[`routes/account/send/feetargets should match the snapshot 1`] = `
preact-render-spy (1 nodes)
-------
<div
  class="input align-left  isTransparent"
  style=""
>
  <input
    autocomplete="off"
    autocorrect="off"
    spellcheck={false}
    type="text"
    id="feetarget"
    placeholder=""
    disabled={true}
   />
</div>

`;
