// Jest Snapshot v1, https://goo.gl/fbAQLP

exports[`routes/account/send/feetargets should match the snapshot 1`] = `
<div
  className="   "
  style=""
>
  <div
    className="flex flex-row flex-between"
  >
    <label
      className=""
      for="feetarget"
    >
      send.priority
    </label>
  </div>
  <input
    autoComplete="off"
    autoCorrect="off"
    disabled={true}
    id="feetarget"
    placeholder="send.feeTarget.placeholder"
    spellcheck={false}
    type="text"
  />
</div>
`;

exports[`routes/account/send/feetargets should match the snapshot with empty feetargets 1`] = `
<div
  className="   "
  style=""
>
  <div
    className="flex flex-row flex-between"
  >
    <label
      className=""
      for="feetarget"
    >
      send.priority
    </label>
  </div>
  <input
    autoComplete="off"
    autoCorrect="off"
    disabled={true}
    id="feetarget"
    placeholder="send.feeTarget.placeholder"
    spellcheck={false}
    type="text"
  />
</div>
`;
